
> @tauri-hooks/core@0.1.0 build
> tsup

CLI Building entry: src/index.ts
CLI Using tsconfig: tsconfig.json
CLI tsup v8.5.1
CLI Using tsup config: /home/sikmindz/Coding/Libraries/tauri-react-hooks/tsup.config.ts
CLI Target: es2020
CLI Cleaning output folder
ESM Build start
CJS Build start
ESM dist/index.js     6.97 KB
ESM dist/index.js.map 20.82 KB
ESM ⚡️ Build success in 140ms
CJS dist/index.cjs     7.33 KB
CJS dist/index.cjs.map 20.86 KB
CJS ⚡️ Build success in 141ms
DTS Build start
DTS ⚡️ Build success in 857ms
DTS dist/index.d.ts  5.82 KB
DTS dist/index.d.cts 5.82 KB
